
[2026-06-05T00:58:12] launch usdview
command: cmd.exe /d /s /c P:\dev\smartlibrary\tools\usd\usdview.bat D:\Projects\STKB\assets\characters\hero\KUMA\default\publish\review\look\turntable\v002\turntable.usd
cwd: P:\dev\smartlibrary\tools\usd
usd: D:\Projects\STKB\assets\characters\hero\KUMA\default\publish\review\look\turntable\v002\turntable.usd
Traceback (most recent call last):
  File "P:\dev\smartlibrary\tools\usd\nvidia_usdview_launcher.py", line 99, in <module>
    main()
  File "P:\dev\smartlibrary\tools\usd\nvidia_usdview_launcher.py", line 95, in main
    runpy.run_path(str(usdview), run_name="__main__")
  File "<frozen runpy>", line 287, in run_path
  File "<frozen runpy>", line 98, in _run_module_code
  File "<frozen runpy>", line 88, in _run_code
  File "P:\dev\smartlibrary\tools\usd\nvidia-25.08\bin\usdview", line 11, in <module>
    import pxr.Usdviewq as Usdviewq
  File "P:\dev\smartlibrary\tools\usd\nvidia-25.08\lib\python\pxr\Usdviewq\__init__.py", line 10, in <module>
    from pxr import Tf
  File "P:\dev\smartlibrary\tools\usd\nvidia-25.08\lib\python\pxr\Tf\__init__.py", line 163, in <module>
    PreparePythonModule()
  File "P:\dev\smartlibrary\tools\usd\nvidia-25.08\lib\python\pxr\Tf\__init__.py", line 86, in PreparePythonModule
    module = importlib.import_module(
             ^^^^^^^^^^^^^^^^^^^^^^^^
  File "P:\dev\smartlibrary\tools\usd\nvidia-25.08\python\Lib\importlib\__init__.py", line 90, in import_module
    return _bootstrap._gcd_import(name[level:], package, level)
           ^^^^^^^^^^^^^^^^^^^^^^^^^^^^^^^^^^^^^^^^^^^^^^^^^^^^
ImportError: DLL load failed while importing _tf: 指定されたモジュールが見つかりません。

[2026-06-05T00:58:51] launch usdview
command: cmd.exe /d /s /c P:\dev\smartlibrary\tools\usd\usdview.bat D:\Projects\STKB\assets\characters\hero\KUMA\default\publish\review\look\turntable\v002\turntable.usd
cwd: P:\dev\smartlibrary\tools\usd
usd: D:\Projects\STKB\assets\characters\hero\KUMA\default\publish\review\look\turntable\v002\turntable.usd
Traceback (most recent call last):
  File "P:\dev\smartlibrary\tools\usd\nvidia_usdview_launcher.py", line 99, in <module>
    main()
  File "P:\dev\smartlibrary\tools\usd\nvidia_usdview_launcher.py", line 95, in main
    runpy.run_path(str(usdview), run_name="__main__")
  File "<frozen runpy>", line 287, in run_path
  File "<frozen runpy>", line 98, in _run_module_code
  File "<frozen runpy>", line 88, in _run_code
  File "P:\dev\smartlibrary\tools\usd\nvidia-25.08\bin\usdview", line 11, in <module>
    import pxr.Usdviewq as Usdviewq
  File "P:\dev\smartlibrary\tools\usd\nvidia-25.08\lib\python\pxr\Usdviewq\__init__.py", line 10, in <module>
    from pxr import Tf
  File "P:\dev\smartlibrary\tools\usd\nvidia-25.08\lib\python\pxr\Tf\__init__.py", line 163, in <module>
    PreparePythonModule()
  File "P:\dev\smartlibrary\tools\usd\nvidia-25.08\lib\python\pxr\Tf\__init__.py", line 86, in PreparePythonModule
    module = importlib.import_module(
             ^^^^^^^^^^^^^^^^^^^^^^^^
  File "P:\dev\smartlibrary\tools\usd\nvidia-25.08\python\Lib\importlib\__init__.py", line 90, in import_module
    return _bootstrap._gcd_import(name[level:], package, level)
           ^^^^^^^^^^^^^^^^^^^^^^^^^^^^^^^^^^^^^^^^^^^^^^^^^^^^
ImportError: DLL load failed while importing _tf: 指定されたモジュールが見つかりません。

[2026-06-05T00:59:30] launch usdview
command: cmd.exe /d /s /c P:\dev\smartlibrary\tools\usd\usdview.bat D:\Projects\STKB\assets\characters\hero\KUMA\default\publish\review\look\turntable\v003\turntable.usd
cwd: P:\dev\smartlibrary\tools\usd
usd: D:\Projects\STKB\assets\characters\hero\KUMA\default\publish\review\look\turntable\v003\turntable.usd
Traceback (most recent call last):
  File "P:\dev\smartlibrary\tools\usd\nvidia_usdview_launcher.py", line 99, in <module>
    main()
  File "P:\dev\smartlibrary\tools\usd\nvidia_usdview_launcher.py", line 95, in main
    runpy.run_path(str(usdview), run_name="__main__")
  File "<frozen runpy>", line 287, in run_path
  File "<frozen runpy>", line 98, in _run_module_code
  File "<frozen runpy>", line 88, in _run_code
  File "P:\dev\smartlibrary\tools\usd\nvidia-25.08\bin\usdview", line 11, in <module>
    import pxr.Usdviewq as Usdviewq
  File "P:\dev\smartlibrary\tools\usd\nvidia-25.08\lib\python\pxr\Usdviewq\__init__.py", line 10, in <module>
    from pxr import Tf
  File "P:\dev\smartlibrary\tools\usd\nvidia-25.08\lib\python\pxr\Tf\__init__.py", line 163, in <module>
    PreparePythonModule()
  File "P:\dev\smartlibrary\tools\usd\nvidia-25.08\lib\python\pxr\Tf\__init__.py", line 86, in PreparePythonModule
    module = importlib.import_module(
             ^^^^^^^^^^^^^^^^^^^^^^^^
  File "P:\dev\smartlibrary\tools\usd\nvidia-25.08\python\Lib\importlib\__init__.py", line 90, in import_module
    return _bootstrap._gcd_import(name[level:], package, level)
           ^^^^^^^^^^^^^^^^^^^^^^^^^^^^^^^^^^^^^^^^^^^^^^^^^^^^
ImportError: DLL load failed while importing _tf: 指定されたモジュールが見つかりません。

[2026-06-05T01:02:46] launch usdview
command: cmd.exe /d /s /c P:\dev\smartlibrary\tools\usd\usdview.bat D:\Projects\STKB\assets\characters\hero\KUMA\default\publish\review\look\turntable\v003\turntable.usd
cwd: P:\dev\smartlibrary\tools\usd
usd: D:\Projects\STKB\assets\characters\hero\KUMA\default\publish\review\look\turntable\v003\turntable.usd
Traceback (most recent call last):
  File "P:\dev\smartlibrary\tools\usd\nvidia_usdview_launcher.py", line 118, in <module>
    main()
  File "P:\dev\smartlibrary\tools\usd\nvidia_usdview_launcher.py", line 114, in main
    runpy.run_path(str(usdview), run_name="__main__")
  File "<frozen runpy>", line 287, in run_path
  File "<frozen runpy>", line 98, in _run_module_code
  File "<frozen runpy>", line 88, in _run_code
  File "P:\dev\smartlibrary\tools\usd\nvidia-25.08\bin\usdview", line 11, in <module>
    import pxr.Usdviewq as Usdviewq
  File "P:\dev\smartlibrary\tools\usd\nvidia-25.08\lib\python\pxr\Usdviewq\__init__.py", line 10, in <module>
    from pxr import Tf
  File "P:\dev\smartlibrary\tools\usd\nvidia-25.08\lib\python\pxr\Tf\__init__.py", line 163, in <module>
    PreparePythonModule()
  File "P:\dev\smartlibrary\tools\usd\nvidia-25.08\lib\python\pxr\Tf\__init__.py", line 86, in PreparePythonModule
    module = importlib.import_module(
             ^^^^^^^^^^^^^^^^^^^^^^^^
  File "P:\dev\smartlibrary\tools\usd\nvidia-25.08\python\Lib\importlib\__init__.py", line 90, in import_module
    return _bootstrap._gcd_import(name[level:], package, level)
           ^^^^^^^^^^^^^^^^^^^^^^^^^^^^^^^^^^^^^^^^^^^^^^^^^^^^
ImportError: DLL load failed while importing _tf: 指定されたモジュールが見つかりません。

[2026-06-05T01:06:30] launch usdview
command: cmd.exe /d /s /c P:\dev\smartlibrary\tools\usd\usdview.bat D:\Projects\STKB\assets\characters\hero\KUMA\default\publish\review\look\turntable\v003\turntable.usd
cwd: P:\dev\smartlibrary\tools\usd
usd: D:\Projects\STKB\assets\characters\hero\KUMA\default\publish\review\look\turntable\v003\turntable.usd
Traceback (most recent call last):
  File "P:\dev\smartlibrary\tools\usd\nvidia_usdview_launcher.py", line 118, in <module>
    main()
  File "P:\dev\smartlibrary\tools\usd\nvidia_usdview_launcher.py", line 114, in main
    runpy.run_path(str(usdview), run_name="__main__")
  File "<frozen runpy>", line 287, in run_path
  File "<frozen runpy>", linTraceback (most recent call last):
  File "P:\dev\smartlibrary\tools\usd\nvidia_usdview_launcher.py", line 118, in <module>
    main()
  File "P:\dev\smartlibrary\tools\usd\nvidia_usdview_launcher.py", line 114, in main
    runpy.run_path(str(usdview), run_name="__main__")
  File "<frozen runpy>", line 287, in run_path
  File "<frozen runpy>", line 98, in _run_module_code
  File "<frozen runpy>", line 88, in _run_code
  File "P:\dev\smartlibrary\tools\usd\nvidia-25.08\bin\usdview", line 11, in <module>
    import pxr.Usdviewq as Usdviewq
  File "P:\dev\smartlibrary\tools\usd\nvidia-25.08\lib\python\pxr\Usdviewq\__init__.py", line 10, in <module>
    from pxr import Tf
  File "P:\dev\smartlibrary\tools\usd\nvidia-25.08\lib\python\pxr\Tf\__init__.py", line 163, in <module>
    PreparePythonModule()
  File "P:\dev\smartlibrary\tools\usd\nvidia-25.08\lib\python\pxr\Tf\__init__.py", line 86, in PreparePythonModule
    module = importlib.import_module(
             ^^^^^^^^^^^^^^^^^^^^^^^^
  File "P:\dev\smartlibrary\tools\usd\nvidia-25.08\python\Lib\importlib\__init__.py", line 90, in import_module
    return _bootstrap._gcd_import(name[level:], package, level)
           ^^^^^^^^^^^^^^^^^^^^^^^^^^^^^^^^^^^^^^^^^^^^^^^^^^^^
ImportError: DLL load failed while importing _tf: 指定されたモジュールが見つかりません。

[2026-06-05T01:10:16] launch usdview
command: cmd.exe /d /s /c P:\dev\smartlibrary\tools\usd\usdview.bat D:\Projects\STKB\assets\characters\hero\KUMA\default\publish\review\look\turntable\v003\turntable.usd
cwd: P:\dev\smartlibrary\tools\usd
usd: D:\Projects\STKB\assets\characters\hero\KUMA\default\publish\review\look\turntable\v003\turntable.usd
env PATH: C:\WINDOWS\System32;C:\WINDOWS;C:\WINDOWS\System32\Wbem
env SystemRoot: C:\WINDOWS
env ComSpec: C:\WINDOWS\system32\cmd.exe
Warning: In image "P:\dev\smartlibrary\templates\hdri\studio_small_03_4k.exr" mip level 1 does not exist [python]

[2026-08-07T23:13:37] launch usdview
command: cmd.exe /d /s /c P:\dev\smartlibrary\bat\..\tools\usd\usdview.bat D:\Projects\ELCD\assets\CH\main\DLI\default\publish\review\look\turntable\v001\turntable.usd
cwd: P:\dev\smartlibrary\bat\..\tools\usd
usd: D:\Projects\ELCD\assets\CH\main\DLI\default\publish\review\look\turntable\v001\turntable.usd
env PATH: C:\WINDOWS\System32;C:\WINDOWS;C:\WINDOWS\System32\Wbem
env SystemRoot: C:\WINDOWS
env ComSpec: C:\WINDOWS\system32\cmd.exe
Warning (secondary thread): In image "P:\dev\smartlibrary\templates\hdri\studio_small_03_4k.exr" mip level 1 does not exist [python]
